exports[`test renders and matches our snapshot 1`] = `
<div
  className="HelloWorld">
  Hello World!
</div>
`;
